<!DOCTYPE html><html lang="en"><head><meta charset="utf-8"><meta name="viewport" content="width=device-width, initial-scale=1.0"><meta name="generator" content="rustdoc"><meta name="description" content="API documentation for the Rust `Approved` trait in crate `pallet_democracy`."><title>Approved in pallet_democracy - Rust</title><script>if(window.location.protocol!=="file:")document.head.insertAdjacentHTML("beforeend","SourceSerif4-Regular-46f98efaafac5295.ttf.woff2,FiraSans-Regular-018c141bf0843ffd.woff2,FiraSans-Medium-8f9a781e4970d388.woff2,SourceCodePro-Regular-562dcc5011b6de7d.ttf.woff2,SourceCodePro-Semibold-d899c5a5c4aeb14a.ttf.woff2".split(",").map(f=>`<link rel="preload" as="font" type="font/woff2" crossorigin href="../static.files/${f}">`).join(""))</script><link rel="stylesheet" href="../static.files/normalize-76eba96aa4d2e634.css"><link rel="stylesheet" href="../static.files/rustdoc-b25d77b18a16a9a4.css"><meta name="rustdoc-vars" data-root-path="../" data-static-root-path="../static.files/" data-current-crate="pallet_democracy" data-themes="" data-resource-suffix="" data-rustdoc-version="1.82.0-nightly (13a52890d 2024-08-14)" data-channel="nightly" data-search-js="search-ef54e092fea9c776.js" data-settings-js="settings-4313503d2e1961c2.js" ><script src="../static.files/storage-118b08c4c78b968e.js"></script><script defer src="sidebar-items.js"></script><script defer src="../static.files/main-cb0df477c2d67d00.js"></script><noscript><link rel="stylesheet" href="../static.files/noscript-3b12f09e550e0385.css"></noscript><link rel="alternate icon" type="image/png" href="../static.files/favicon-32x32-422f7d1d52889060.png"><link rel="icon" type="image/svg+xml" href="../static.files/favicon-2c020d218678b618.svg"></head><body class="rustdoc trait"><!--[if lte IE 11]><div class="warning">This old browser is unsupported and will most likely display funky things.</div><![endif]--><nav class="mobile-topbar"><button class="sidebar-menu-toggle" title="show sidebar"></button></nav><nav class="sidebar"><div class="sidebar-crate"><h2><a href="../pallet_democracy/index.html">pallet_<wbr>democracy</a><span class="version">28.0.0</span></h2></div><h2 class="location"><a href="#">Approved</a></h2><div class="sidebar-elems"><section><h3><a href="#required-methods">Required Methods</a></h3><ul class="block"><li><a href="#tymethod.approved">approved</a></li></ul><h3><a href="#implementors">Implementors</a></h3></section><h2><a href="index.html">In crate pallet_<wbr>democracy</a></h2></div></nav><div class="sidebar-resizer"></div><main><div class="width-limiter"><rustdoc-search></rustdoc-search><section id="main-content" class="content"><div class="main-heading"><h1>Trait <a href="index.html">pallet_democracy</a>::<wbr><a class="trait" href="#">Approved</a><button id="copy-path" title="Copy item path to clipboard">Copy item path</button></h1><span class="out-of-band"><a class="src" href="../src/pallet_democracy/vote_threshold.rs.html#42-46">source</a> · <button id="toggle-all-docs" title="collapse all docs">[<span>&#x2212;</span>]</button></span></div><pre class="rust item-decl"><code>pub trait Approved&lt;Balance&gt; {
    // Required method
    fn <a href="#tymethod.approved" class="fn">approved</a>(&amp;self, tally: <a class="struct" href="struct.Tally.html" title="struct pallet_democracy::Tally">Tally</a>&lt;Balance&gt;, electorate: Balance) -&gt; <a class="primitive" href="https://doc.rust-lang.org/nightly/std/primitive.bool.html">bool</a>;
}</code></pre><h2 id="required-methods" class="section-header">Required Methods<a href="#required-methods" class="anchor">§</a></h2><div class="methods"><details class="toggle method-toggle" open><summary><section id="tymethod.approved" class="method"><a class="src rightside" href="../src/pallet_democracy/vote_threshold.rs.html#45">source</a><h4 class="code-header">fn <a href="#tymethod.approved" class="fn">approved</a>(&amp;self, tally: <a class="struct" href="struct.Tally.html" title="struct pallet_democracy::Tally">Tally</a>&lt;Balance&gt;, electorate: Balance) -&gt; <a class="primitive" href="https://doc.rust-lang.org/nightly/std/primitive.bool.html">bool</a></h4></section></summary><div class="docblock"><p>Given a <code>tally</code> of votes and a total size of <code>electorate</code>, this returns <code>true</code> if the
overall outcome is in favor of approval according to <code>self</code>’s threshold method.</p>
</div></details></div><h2 id="implementors" class="section-header">Implementors<a href="#implementors" class="anchor">§</a></h2><div id="implementors-list"><section id="impl-Approved%3CBalance%3E-for-VoteThreshold" class="impl"><a class="src rightside" href="../src/pallet_democracy/vote_threshold.rs.html#83-108">source</a><a href="#impl-Approved%3CBalance%3E-for-VoteThreshold" class="anchor">§</a><h3 class="code-header">impl&lt;Balance: <a class="trait" href="../integer_sqrt/trait.IntegerSquareRoot.html" title="trait integer_sqrt::IntegerSquareRoot">IntegerSquareRoot</a> + <a class="trait" href="../num_traits/identities/trait.Zero.html" title="trait num_traits::identities::Zero">Zero</a> + <a class="trait" href="https://doc.rust-lang.org/nightly/core/cmp/trait.Ord.html" title="trait core::cmp::Ord">Ord</a> + <a class="trait" href="https://doc.rust-lang.org/nightly/core/ops/arith/trait.Add.html" title="trait core::ops::arith::Add">Add</a>&lt;Balance, Output = Balance&gt; + <a class="trait" href="https://doc.rust-lang.org/nightly/core/ops/arith/trait.Mul.html" title="trait core::ops::arith::Mul">Mul</a>&lt;Balance, Output = Balance&gt; + <a class="trait" href="https://doc.rust-lang.org/nightly/core/ops/arith/trait.Div.html" title="trait core::ops::arith::Div">Div</a>&lt;Balance, Output = Balance&gt; + <a class="trait" href="https://doc.rust-lang.org/nightly/core/ops/arith/trait.Rem.html" title="trait core::ops::arith::Rem">Rem</a>&lt;Balance, Output = Balance&gt; + <a class="trait" href="https://doc.rust-lang.org/nightly/core/marker/trait.Copy.html" title="trait core::marker::Copy">Copy</a>&gt; <a class="trait" href="trait.Approved.html" title="trait pallet_democracy::Approved">Approved</a>&lt;Balance&gt; for <a class="enum" href="enum.VoteThreshold.html" title="enum pallet_democracy::VoteThreshold">VoteThreshold</a></h3></section></div><script src="../trait.impl/pallet_democracy/vote_threshold/trait.Approved.js" async></script></section></div></main></body></html>